2026-06-30 15:06:38.540: [INFO] OnDoneLoading sync enabled: 0
2026-06-30 15:07:22.920: [INFO] OnDoneLoading sync enabled: 0
2026-06-30 15:58:06.715: [INFO] OnDoneLoading sync enabled: 0
2026-07-01 10:28:04.818: [INFO] OnDoneLoading sync enabled: 0
2026-07-02 10:42:10.039: [INFO] OnDoneLoading sync enabled: 0
2026-07-02 10:54:34.349: [INFO] OnDoneLoading sync enabled: 0
2026-07-02 12:58:14.760: [INFO] OnDoneLoading sync enabled: 0
2026-07-02 13:07:16.612: [INFO] OnDoneLoading sync enabled: 0
2026-07-02 13:22:12.192: [INFO] OnDoneLoading sync enabled: 0
2026-07-02 13:59:58.052: [INFO] OnDoneLoading sync enabled: 0
2026-07-02 14:05:14.205: [INFO] OnDoneLoading sync enabled: 0
2026-07-02 14:13:20.059: [INFO] OnDoneLoading sync enabled: 0
2026-07-03 10:29:53.645: [INFO] OnDoneLoading sync enabled: 0
2026-07-04 06:55:01.259: [INFO] OnDoneLoading sync enabled: 0
2026-07-05 05:45:06.207: [INFO] OnDoneLoading sync enabled: 0
2026-07-06 10:32:56.655: [INFO] OnDoneLoading sync enabled: 0
2026-07-06 10:40:32.611: [INFO] OnDoneLoading sync enabled: 0
2026-07-06 10:49:38.192: [INFO] OnDoneLoading sync enabled: 0
2026-07-06 13:59:00.047: [INFO] OnDoneLoading sync enabled: 0
2026-07-06 14:06:49.436: [INFO] OnDoneLoading sync enabled: 0
2026-07-06 14:12:20.574: [INFO] OnDoneLoading sync enabled: 0
2026-07-06 14:26:49.605: [INFO] OnDoneLoading sync enabled: 0
2026-07-07 10:46:48.400: [INFO] OnDoneLoading sync enabled: 0
2026-07-07 10:51:12.876: [INFO] OnDoneLoading sync enabled: 0
2026-07-07 10:53:19.440: [INFO] OnDoneLoading sync enabled: 0
2026-07-07 10:55:43.985: [INFO] OnDoneLoading sync enabled: 0
2026-07-07 14:17:27.215: [INFO] OnDoneLoading sync enabled: 0
2026-07-08 10:59:53.216: [INFO] OnDoneLoading sync enabled: 0
2026-07-09 10:36:52.738: [INFO] OnDoneLoading sync enabled: 0
2026-07-09 10:44:52.704: [INFO] OnDoneLoading sync enabled: 0
2026-07-09 10:47:19.443: [INFO] OnDoneLoading sync enabled: 0
2026-07-09 10:47:51.270: [INFO] OnDoneLoading sync enabled: 0
2026-07-09 10:52:03.403: [INFO] OnDoneLoading sync enabled: 0
2026-07-09 10:55:05.840: [INFO] OnDoneLoading sync enabled: 0
2026-07-09 10:57:55.871: [INFO] OnDoneLoading sync enabled: 0
2026-07-09 11:03:43.444: [INFO] OnDoneLoading sync enabled: 0
2026-07-17 09:05:18.253: [INFO] OnDoneLoading sync enabled: 0
2026-07-17 09:24:20.526: [INFO] OnDoneLoading sync enabled: 0
2026-07-17 09:28:25.056: [INFO] OnDoneLoading sync enabled: 0
2026-07-20 09:10:48.392: [INFO] OnDoneLoading sync enabled: 0
2026-07-21 08:47:59.563: [INFO] OnDoneLoading sync enabled: 0
2026-07-21 08:53:01.281: [INFO] OnDoneLoading sync enabled: 0
2026-07-21 08:57:36.214: [INFO] OnDoneLoading sync enabled: 0
2026-07-22 08:51:24.753: [INFO] OnDoneLoading sync enabled: 0
2026-07-23 08:38:51.693: [INFO] OnDoneLoading sync enabled: 0
2026-07-23 09:27:41.456: [INFO] OnDoneLoading sync enabled: 0
2026-07-23 14:34:46.716: [INFO] OnDoneLoading sync enabled: 0
2026-07-23 15:06:59.915: [INFO] OnDoneLoading sync enabled: 0
2026-07-24 08:45:07.520: [INFO] OnDoneLoading sync enabled: 0
2026-07-24 09:32:11.254: [INFO] OnDoneLoading sync enabled: 0
2026-07-24 09:49:29.535: [INFO] OnDoneLoading sync enabled: 0
2026-07-24 09:50:40.766: [INFO] OnDoneLoading sync enabled: 0
2026-07-24 13:50:33.562: [INFO] OnDoneLoading sync enabled: 0
2026-07-24 14:30:46.756: [INFO] OnDoneLoading sync enabled: 0
2026-07-25 09:34:44.438: [INFO] OnDoneLoading sync enabled: 0
2026-07-25 15:35:40.961: [INFO] OnDoneLoading sync enabled: 0
2026-07-29 10:42:20.751: [INFO] OnDoneLoading sync enabled: 0
2026-07-29 11:01:02.446: [INFO] OnDoneLoading sync enabled: 0
2026-07-30 08:52:44.765: [INFO] OnDoneLoading sync enabled: 0
2026-07-30 11:57:28.860: [INFO] OnDoneLoading sync enabled: 0
2026-07-30 12:00:45.133: [INFO] OnDoneLoading sync enabled: 0
2026-07-30 15:08:42.380: [INFO] OnDoneLoading sync enabled: 0
2026-07-30 15:37:18.144: [INFO] OnDoneLoading sync enabled: 0
2026-07-30 15:50:16.142: [INFO] OnDoneLoading sync enabled: 0
2026-07-31 11:12:39.109: [INFO] OnDoneLoading sync enabled: 0
2026-08-01 15:09:38.477: [INFO] OnDoneLoading sync enabled: 0
2026-08-01 15:13:42.267: [INFO] OnDoneLoading sync enabled: 0
2026-08-01 15:14:21.444: [INFO] OnDoneLoading sync enabled: 0
2026-08-01 15:16:06.164: [INFO] OnDoneLoading sync enabled: 0
2026-08-01 16:21:23.311: [INFO] OnDoneLoading sync enabled: 0
2026-08-01 16:23:03.536: [INFO] OnDoneLoading sync enabled: 0
2026-08-01 16:25:16.341: [INFO] OnDoneLoading sync enabled: 0
2026-08-01 16:26:01.924: [INFO] OnDoneLoading sync enabled: 0
2026-08-01 16:26:42.716: [INFO] OnDoneLoading sync enabled: 0
2026-08-01 16:32:05.860: [INFO] OnDoneLoading sync enabled: 0
2026-08-01 16:33:59.009: [INFO] OnDoneLoading sync enabled: 0
2026-08-01 16:36:30.459: [INFO] OnDoneLoading sync enabled: 0
2026-08-02 07:55:32.825: [INFO] OnDoneLoading sync enabled: 0
2026-08-02 07:57:42.511: [INFO] OnDoneLoading sync enabled: 0
2026-08-02 08:19:27.284: [INFO] OnDoneLoading sync enabled: 0
2026-08-04 10:46:44.631: [INFO] OnDoneLoading sync enabled: 0
2026-08-06 08:38:51.179: [INFO] CurrentProfilePath: D:\java\.metadata\.plugins\org.eclipse.swt\EBWebView\Default
2026-08-06 08:38:51.179: [INFO] Profiles total count: 1
2026-08-06 08:38:51.246: [INFO] Profile: name=Profile 1 path=D:\java\.metadata\.plugins\org.eclipse.swt\EBWebView\Default lastActive=2026-08-01T15:09:45.972Z
2026-08-06 08:38:51.246: [INFO] LastUsedProfileDir: D:\java\.metadata\.plugins\org.eclipse.swt\EBWebView\Default
2026-08-06 08:38:51.246: [INFO] MostRecentlyActiveProfile: name=Profile 1 path=D:\java\.metadata\.plugins\org.eclipse.swt\EBWebView\Default lastActive=2026-08-01T15:09:45.972Z
2026-08-06 08:38:51.246: [INFO] OnDoneLoading sync enabled: 0
2026-08-06 08:38:51.246: [INFO] BookmarkModelLoaded, ids_reassigned: 0
2026-08-06 08:38:51.246: [INFO] BookmarksLoadDropped droppedNodes=0
2026-08-06 08:38:51.246: [INFO] BookmarksSnapshot Startup total=0 bar=0 other=0 mobile=0 showBar=0 showBarNTP=1
2026-08-06 08:51:57.684: [INFO] BookmarksSnapshot Shutdown total=0 bar=0 other=0 mobile=0 showBar=0 showBarNTP=1
2026-08-06 09:14:54.979: [INFO] CurrentProfilePath: D:\java\.metadata\.plugins\org.eclipse.swt\EBWebView\Default
2026-08-06 09:14:54.979: [INFO] Profiles total count: 1
2026-08-06 09:14:54.986: [INFO] Profile: name=Profile 1 path=D:\java\.metadata\.plugins\org.eclipse.swt\EBWebView\Default lastActive=2026-08-06T08:51:52.281Z
2026-08-06 09:14:54.986: [INFO] LastUsedProfileDir: D:\java\.metadata\.plugins\org.eclipse.swt\EBWebView\Default
2026-08-06 09:14:54.986: [INFO] MostRecentlyActiveProfile: name=Profile 1 path=D:\java\.metadata\.plugins\org.eclipse.swt\EBWebView\Default lastActive=2026-08-06T08:51:52.281Z
2026-08-06 09:14:54.986: [INFO] OnDoneLoading sync enabled: 0
2026-08-06 09:14:54.986: [INFO] BookmarkModelLoaded, ids_reassigned: 0
2026-08-06 09:14:54.986: [INFO] BookmarksLoadDropped droppedNodes=0
2026-08-06 09:14:54.986: [INFO] BookmarksSnapshot Startup total=0 bar=0 other=0 mobile=0 showBar=0 showBarNTP=1
2026-08-06 09:17:23.789: [INFO] BookmarksSnapshot Shutdown total=0 bar=0 other=0 mobile=0 showBar=0 showBarNTP=1
2026-08-06 09:18:15.016: [INFO] CurrentProfilePath: D:\java\.metadata\.plugins\org.eclipse.swt\EBWebView\Default
2026-08-06 09:18:15.016: [INFO] Profiles total count: 1
2026-08-06 09:18:15.018: [INFO] Profile: name=Profile 1 path=D:\java\.metadata\.plugins\org.eclipse.swt\EBWebView\Default lastActive=2026-08-06T08:51:52.281Z
2026-08-06 09:18:15.018: [INFO] LastUsedProfileDir: D:\java\.metadata\.plugins\org.eclipse.swt\EBWebView\Default
2026-08-06 09:18:15.018: [INFO] MostRecentlyActiveProfile: name=Profile 1 path=D:\java\.metadata\.plugins\org.eclipse.swt\EBWebView\Default lastActive=2026-08-06T08:51:52.281Z
2026-08-06 09:18:15.019: [INFO] OnDoneLoading sync enabled: 0
2026-08-06 09:18:15.019: [INFO] BookmarkModelLoaded, ids_reassigned: 0
2026-08-06 09:18:15.019: [INFO] BookmarksLoadDropped droppedNodes=0
2026-08-06 09:18:15.019: [INFO] BookmarksSnapshot Startup total=0 bar=0 other=0 mobile=0 showBar=0 showBarNTP=1
2026-08-06 09:18:45.360: [INFO] BookmarksSnapshot Shutdown total=0 bar=0 other=0 mobile=0 showBar=0 showBarNTP=1
2026-08-06 09:25:24.045: [INFO] CurrentProfilePath: D:\java\.metadata\.plugins\org.eclipse.swt\EBWebView\Default
2026-08-06 09:25:24.045: [INFO] Profiles total count: 1
2026-08-06 09:25:24.086: [INFO] Profile: name=Profile 1 path=D:\java\.metadata\.plugins\org.eclipse.swt\EBWebView\Default lastActive=2026-08-06T08:51:52.281Z
2026-08-06 09:25:24.086: [INFO] LastUsedProfileDir: D:\java\.metadata\.plugins\org.eclipse.swt\EBWebView\Default
2026-08-06 09:25:24.087: [INFO] MostRecentlyActiveProfile: name=Profile 1 path=D:\java\.metadata\.plugins\org.eclipse.swt\EBWebView\Default lastActive=2026-08-06T08:51:52.281Z
2026-08-06 09:25:24.087: [INFO] OnDoneLoading sync enabled: 0
2026-08-06 09:25:24.087: [INFO] BookmarkModelLoaded, ids_reassigned: 0
2026-08-06 09:25:24.087: [INFO] BookmarksLoadDropped droppedNodes=0
2026-08-06 09:25:24.087: [INFO] BookmarksSnapshot Startup total=0 bar=0 other=0 mobile=0 showBar=0 showBarNTP=1
2026-08-06 11:30:41.273: [INFO] BookmarksSnapshot Shutdown total=0 bar=0 other=0 mobile=0 showBar=0 showBarNTP=1
2026-08-07 07:04:08.614: [INFO] CurrentProfilePath: D:\java\.metadata\.plugins\org.eclipse.swt\EBWebView\Default
2026-08-07 07:04:08.614: [INFO] Profiles total count: 1
2026-08-07 07:04:08.615: [INFO] Profile: name=Profile 1 path=D:\java\.metadata\.plugins\org.eclipse.swt\EBWebView\Default lastActive=2026-08-06T08:51:52.281Z
2026-08-07 07:04:08.615: [INFO] LastUsedProfileDir: D:\java\.metadata\.plugins\org.eclipse.swt\EBWebView\Default
2026-08-07 07:04:08.615: [INFO] MostRecentlyActiveProfile: name=Profile 1 path=D:\java\.metadata\.plugins\org.eclipse.swt\EBWebView\Default lastActive=2026-08-06T08:51:52.281Z
2026-08-07 07:04:08.615: [INFO] OnDoneLoading sync enabled: 0
2026-08-07 07:04:08.615: [INFO] BookmarkModelLoaded, ids_reassigned: 0
2026-08-07 07:04:08.615: [INFO] BookmarksLoadDropped droppedNodes=0
2026-08-07 07:04:08.615: [INFO] BookmarksSnapshot Startup total=0 bar=0 other=0 mobile=0 showBar=0 showBarNTP=1
2026-08-07 07:04:15.466: [INFO] BookmarksSnapshot Shutdown total=0 bar=0 other=0 mobile=0 showBar=0 showBarNTP=1
2026-08-07 07:07:24.216: [INFO] CurrentProfilePath: D:\java\.metadata\.plugins\org.eclipse.swt\EBWebView\Default
2026-08-07 07:07:24.216: [INFO] Profiles total count: 1
2026-08-07 07:07:24.216: [INFO] Profile: name=Profile 1 path=D:\java\.metadata\.plugins\org.eclipse.swt\EBWebView\Default lastActive=2026-08-06T08:51:52.281Z
2026-08-07 07:07:24.216: [INFO] LastUsedProfileDir: D:\java\.metadata\.plugins\org.eclipse.swt\EBWebView\Default
2026-08-07 07:07:24.216: [INFO] MostRecentlyActiveProfile: name=Profile 1 path=D:\java\.metadata\.plugins\org.eclipse.swt\EBWebView\Default lastActive=2026-08-06T08:51:52.281Z
2026-08-07 07:07:24.216: [INFO] OnDoneLoading sync enabled: 0
2026-08-07 07:07:24.216: [INFO] BookmarkModelLoaded, ids_reassigned: 0
2026-08-07 07:07:24.216: [INFO] BookmarksLoadDropped droppedNodes=0
2026-08-07 07:07:24.216: [INFO] BookmarksSnapshot Startup total=0 bar=0 other=0 mobile=0 showBar=0 showBarNTP=1
2026-08-07 07:13:24.874: [INFO] BookmarksSnapshot Shutdown total=0 bar=0 other=0 mobile=0 showBar=0 showBarNTP=1
2026-08-07 07:18:10.766: [INFO] CurrentProfilePath: D:\java\.metadata\.plugins\org.eclipse.swt\EBWebView\Default
2026-08-07 07:18:10.766: [INFO] Profiles total count: 1
2026-08-07 07:18:10.768: [INFO] Profile: name=Profile 1 path=D:\java\.metadata\.plugins\org.eclipse.swt\EBWebView\Default lastActive=2026-08-06T08:51:52.281Z
2026-08-07 07:18:10.768: [INFO] LastUsedProfileDir: D:\java\.metadata\.plugins\org.eclipse.swt\EBWebView\Default
2026-08-07 07:18:10.769: [INFO] MostRecentlyActiveProfile: name=Profile 1 path=D:\java\.metadata\.plugins\org.eclipse.swt\EBWebView\Default lastActive=2026-08-06T08:51:52.281Z
2026-08-07 07:18:10.769: [INFO] OnDoneLoading sync enabled: 0
2026-08-07 07:18:10.769: [INFO] BookmarkModelLoaded, ids_reassigned: 0
2026-08-07 07:18:10.769: [INFO] BookmarksLoadDropped droppedNodes=0
2026-08-07 07:18:10.769: [INFO] BookmarksSnapshot Startup total=0 bar=0 other=0 mobile=0 showBar=0 showBarNTP=1
2026-08-07 07:28:55.810: [INFO] BookmarksSnapshot Shutdown total=0 bar=0 other=0 mobile=0 showBar=0 showBarNTP=1
2026-08-10 06:31:25.504: [INFO] CurrentProfilePath: D:\java\.metadata\.plugins\org.eclipse.swt\EBWebView\Default
2026-08-10 06:31:25.504: [INFO] Profiles total count: 1
2026-08-10 06:31:25.544: [INFO] Profile: name=Profile 1 path=D:\java\.metadata\.plugins\org.eclipse.swt\EBWebView\Default lastActive=2026-08-06T08:51:52.281Z
2026-08-10 06:31:25.544: [INFO] LastUsedProfileDir: D:\java\.metadata\.plugins\org.eclipse.swt\EBWebView\Default
2026-08-10 06:31:25.544: [INFO] MostRecentlyActiveProfile: name=Profile 1 path=D:\java\.metadata\.plugins\org.eclipse.swt\EBWebView\Default lastActive=2026-08-06T08:51:52.281Z
2026-08-10 06:31:25.544: [INFO] OnDoneLoading sync enabled: 0
2026-08-10 06:31:25.544: [INFO] BookmarkModelLoaded, ids_reassigned: 0
2026-08-10 06:31:25.544: [INFO] BookmarksLoadDropped droppedNodes=0
2026-08-10 06:31:25.544: [INFO] BookmarksSnapshot Startup total=0 bar=0 other=0 mobile=0 showBar=0 showBarNTP=1
2026-08-10 06:37:37.182: [INFO] CurrentProfilePath: D:\java\.metadata\.plugins\org.eclipse.swt\EBWebView\Default
2026-08-10 06:37:37.182: [INFO] Profiles total count: 1
2026-08-10 06:37:37.215: [INFO] Profile: name=Profile 1 path=D:\java\.metadata\.plugins\org.eclipse.swt\EBWebView\Default lastActive=2026-08-06T08:51:52.281Z
2026-08-10 06:37:37.215: [INFO] LastUsedProfileDir: D:\java\.metadata\.plugins\org.eclipse.swt\EBWebView\Default
2026-08-10 06:37:37.216: [INFO] MostRecentlyActiveProfile: name=Profile 1 path=D:\java\.metadata\.plugins\org.eclipse.swt\EBWebView\Default lastActive=2026-08-06T08:51:52.281Z
2026-08-10 06:37:37.216: [INFO] OnDoneLoading sync enabled: 0
2026-08-10 06:37:37.216: [INFO] BookmarkModelLoaded, ids_reassigned: 0
2026-08-10 06:37:37.216: [INFO] BookmarksLoadDropped droppedNodes=0
2026-08-10 06:37:37.216: [INFO] BookmarksSnapshot Startup total=0 bar=0 other=0 mobile=0 showBar=0 showBarNTP=1
2026-08-13 08:41:50.526: [INFO] CurrentProfilePath: D:\java\.metadata\.plugins\org.eclipse.swt\EBWebView\Default
2026-08-13 08:41:50.526: [INFO] Profiles total count: 1
2026-08-13 08:41:50.548: [INFO] Profile: name=Profile 1 path=D:\java\.metadata\.plugins\org.eclipse.swt\EBWebView\Default lastActive=2026-08-06T08:51:52.281Z
2026-08-13 08:41:50.548: [INFO] LastUsedProfileDir: D:\java\.metadata\.plugins\org.eclipse.swt\EBWebView\Default
2026-08-13 08:41:50.548: [INFO] MostRecentlyActiveProfile: name=Profile 1 path=D:\java\.metadata\.plugins\org.eclipse.swt\EBWebView\Default lastActive=2026-08-06T08:51:52.281Z
2026-08-13 08:41:50.551: [INFO] OnDoneLoading sync enabled: 0
2026-08-13 08:41:50.551: [INFO] BookmarkModelLoaded, ids_reassigned: 0
2026-08-13 08:41:50.554: [INFO] BookmarksLoadDropped droppedNodes=0
2026-08-13 08:41:50.554: [INFO] BookmarksSnapshot Startup total=0 bar=0 other=0 mobile=0 showBar=0 showBarNTP=1
2026-08-13 11:31:01.785: [INFO] BookmarksSnapshot Shutdown total=0 bar=0 other=0 mobile=0 showBar=0 showBarNTP=1
2026-08-14 09:01:49.661: [INFO] CurrentProfilePath: D:\java\.metadata\.plugins\org.eclipse.swt\EBWebView\Default
2026-08-14 09:01:49.661: [INFO] Profiles total count: 1
2026-08-14 09:01:49.685: [INFO] Profile: name=Profile 1 path=D:\java\.metadata\.plugins\org.eclipse.swt\EBWebView\Default lastActive=2026-08-14T08:29:06.871Z
2026-08-14 09:01:49.685: [INFO] LastUsedProfileDir: D:\java\.metadata\.plugins\org.eclipse.swt\EBWebView\Default
2026-08-14 09:01:49.685: [INFO] MostRecentlyActiveProfile: name=Profile 1 path=D:\java\.metadata\.plugins\org.eclipse.swt\EBWebView\Default lastActive=2026-08-14T08:29:06.871Z
2026-08-14 09:01:49.685: [INFO] OnDoneLoading sync enabled: 0
2026-08-14 09:01:49.685: [INFO] BookmarkModelLoaded, ids_reassigned: 0
2026-08-14 09:01:49.685: [INFO] BookmarksLoadDropped droppedNodes=0
2026-08-14 09:01:49.687: [INFO] BookmarksSnapshot Startup total=0 bar=0 other=0 mobile=0 showBar=0 showBarNTP=1
2026-08-14 09:03:59.288: [INFO] BookmarksSnapshot Shutdown total=0 bar=0 other=0 mobile=0 showBar=0 showBarNTP=1
2026-08-14 09:04:28.218: [INFO] CurrentProfilePath: D:\java\.metadata\.plugins\org.eclipse.swt\EBWebView\Default
2026-08-14 09:04:28.218: [INFO] Profiles total count: 1
2026-08-14 09:04:28.238: [INFO] Profile: name=Profile 1 path=D:\java\.metadata\.plugins\org.eclipse.swt\EBWebView\Default lastActive=2026-08-14T08:29:06.871Z
2026-08-14 09:04:28.238: [INFO] LastUsedProfileDir: D:\java\.metadata\.plugins\org.eclipse.swt\EBWebView\Default
2026-08-14 09:04:28.238: [INFO] MostRecentlyActiveProfile: name=Profile 1 path=D:\java\.metadata\.plugins\org.eclipse.swt\EBWebView\Default lastActive=2026-08-14T08:29:06.871Z
2026-08-14 09:04:28.238: [INFO] OnDoneLoading sync enabled: 0
2026-08-14 09:04:28.238: [INFO] BookmarkModelLoaded, ids_reassigned: 0
2026-08-14 09:04:28.242: [INFO] BookmarksLoadDropped droppedNodes=0
2026-08-14 09:04:28.242: [INFO] BookmarksSnapshot Startup total=0 bar=0 other=0 mobile=0 showBar=0 showBarNTP=1
2026-08-14 11:22:07.648: [INFO] BookmarksSnapshot Shutdown total=0 bar=0 other=0 mobile=0 showBar=0 showBarNTP=1
2026-08-18 06:42:59.300: [INFO] CurrentProfilePath: D:\java\.metadata\.plugins\org.eclipse.swt\EBWebView\Default
2026-08-18 06:42:59.300: [INFO] Profiles total count: 1
2026-08-18 06:42:59.321: [INFO] Profile: name=Profile 1 path=D:\java\.metadata\.plugins\org.eclipse.swt\EBWebView\Default lastActive=2026-08-14T08:29:06.871Z
2026-08-18 06:42:59.321: [INFO] LastUsedProfileDir: D:\java\.metadata\.plugins\org.eclipse.swt\EBWebView\Default
2026-08-18 06:42:59.321: [INFO] MostRecentlyActiveProfile: name=Profile 1 path=D:\java\.metadata\.plugins\org.eclipse.swt\EBWebView\Default lastActive=2026-08-14T08:29:06.871Z
2026-08-18 06:42:59.322: [INFO] OnDoneLoading sync enabled: 0
2026-08-18 06:42:59.322: [INFO] BookmarkModelLoaded, ids_reassigned: 0
2026-08-18 06:42:59.322: [INFO] BookmarksLoadDropped droppedNodes=0
2026-08-18 06:42:59.322: [INFO] BookmarksSnapshot Startup total=0 bar=0 other=0 mobile=0 showBar=0 showBarNTP=1
2026-08-18 06:59:21.571: [INFO] BookmarksSnapshot Shutdown total=0 bar=0 other=0 mobile=0 showBar=0 showBarNTP=1
2026-08-18 07:00:29.691: [INFO] CurrentProfilePath: D:\java\.metadata\.plugins\org.eclipse.swt\EBWebView\Default
2026-08-18 07:00:29.691: [INFO] Profiles total count: 1
2026-08-18 07:00:29.693: [INFO] Profile: name=Profile 1 path=D:\java\.metadata\.plugins\org.eclipse.swt\EBWebView\Default lastActive=2026-08-14T08:29:06.871Z
2026-08-18 07:00:29.693: [INFO] LastUsedProfileDir: D:\java\.metadata\.plugins\org.eclipse.swt\EBWebView\Default
2026-08-18 07:00:29.693: [INFO] MostRecentlyActiveProfile: name=Profile 1 path=D:\java\.metadata\.plugins\org.eclipse.swt\EBWebView\Default lastActive=2026-08-14T08:29:06.871Z
2026-08-18 07:00:29.693: [INFO] OnDoneLoading sync enabled: 0
2026-08-18 07:00:29.693: [INFO] BookmarkModelLoaded, ids_reassigned: 0
2026-08-18 07:00:29.693: [INFO] BookmarksLoadDropped droppedNodes=0
2026-08-18 07:00:29.693: [INFO] BookmarksSnapshot Startup total=0 bar=0 other=0 mobile=0 showBar=0 showBarNTP=1
2026-08-18 07:02:28.144: [INFO] BookmarksSnapshot Shutdown total=0 bar=0 other=0 mobile=0 showBar=0 showBarNTP=1
2026-08-18 07:02:37.532: [INFO] CurrentProfilePath: D:\java\.metadata\.plugins\org.eclipse.swt\EBWebView\Default
2026-08-18 07:02:37.532: [INFO] Profiles total count: 1
2026-08-18 07:02:37.572: [INFO] Profile: name=Profile 1 path=D:\java\.metadata\.plugins\org.eclipse.swt\EBWebView\Default lastActive=2026-08-14T08:29:06.871Z
2026-08-18 07:02:37.572: [INFO] LastUsedProfileDir: D:\java\.metadata\.plugins\org.eclipse.swt\EBWebView\Default
2026-08-18 07:02:37.572: [INFO] MostRecentlyActiveProfile: name=Profile 1 path=D:\java\.metadata\.plugins\org.eclipse.swt\EBWebView\Default lastActive=2026-08-14T08:29:06.871Z
2026-08-18 07:02:37.572: [INFO] OnDoneLoading sync enabled: 0
2026-08-18 07:02:37.572: [INFO] BookmarkModelLoaded, ids_reassigned: 0
2026-08-18 07:02:37.572: [INFO] BookmarksLoadDropped droppedNodes=0
2026-08-18 07:02:37.572: [INFO] BookmarksSnapshot Startup total=0 bar=0 other=0 mobile=0 showBar=0 showBarNTP=1
2026-08-18 07:02:57.905: [INFO] BookmarksSnapshot Shutdown total=0 bar=0 other=0 mobile=0 showBar=0 showBarNTP=1
2026-08-18 07:04:01.902: [INFO] CurrentProfilePath: D:\java\.metadata\.plugins\org.eclipse.swt\EBWebView\Default
2026-08-18 07:04:01.902: [INFO] Profiles total count: 1
2026-08-18 07:04:01.927: [INFO] Profile: name=Profile 1 path=D:\java\.metadata\.plugins\org.eclipse.swt\EBWebView\Default lastActive=2026-08-14T08:29:06.871Z
2026-08-18 07:04:01.927: [INFO] LastUsedProfileDir: D:\java\.metadata\.plugins\org.eclipse.swt\EBWebView\Default
2026-08-18 07:04:01.927: [INFO] MostRecentlyActiveProfile: name=Profile 1 path=D:\java\.metadata\.plugins\org.eclipse.swt\EBWebView\Default lastActive=2026-08-14T08:29:06.871Z
2026-08-18 07:04:01.927: [INFO] OnDoneLoading sync enabled: 0
2026-08-18 07:04:01.927: [INFO] BookmarkModelLoaded, ids_reassigned: 0
2026-08-18 07:04:01.929: [INFO] BookmarksLoadDropped droppedNodes=0
2026-08-18 07:04:01.929: [INFO] BookmarksSnapshot Startup total=0 bar=0 other=0 mobile=0 showBar=0 showBarNTP=1
2026-08-18 07:25:54.794: [INFO] BookmarksSnapshot Shutdown total=0 bar=0 other=0 mobile=0 showBar=0 showBarNTP=1
2026-08-18 08:42:09.726: [INFO] CurrentProfilePath: D:\java\.metadata\.plugins\org.eclipse.swt\EBWebView\Default
2026-08-18 08:42:09.726: [INFO] Profiles total count: 1
2026-08-18 08:42:09.754: [INFO] Profile: name=Profile 1 path=D:\java\.metadata\.plugins\org.eclipse.swt\EBWebView\Default lastActive=2026-08-14T08:29:06.871Z
2026-08-18 08:42:09.755: [INFO] LastUsedProfileDir: D:\java\.metadata\.plugins\org.eclipse.swt\EBWebView\Default
2026-08-18 08:42:09.755: [INFO] MostRecentlyActiveProfile: name=Profile 1 path=D:\java\.metadata\.plugins\org.eclipse.swt\EBWebView\Default lastActive=2026-08-14T08:29:06.871Z
2026-08-18 08:42:09.755: [INFO] OnDoneLoading sync enabled: 0
2026-08-18 08:42:09.755: [INFO] BookmarkModelLoaded, ids_reassigned: 0
2026-08-18 08:42:09.755: [INFO] BookmarksLoadDropped droppedNodes=0
2026-08-18 08:42:09.760: [INFO] BookmarksSnapshot Startup total=0 bar=0 other=0 mobile=0 showBar=0 showBarNTP=1
2026-08-18 08:54:01.350: [INFO] BookmarksSnapshot Shutdown total=0 bar=0 other=0 mobile=0 showBar=0 showBarNTP=1
2026-08-18 08:54:53.182: [INFO] CurrentProfilePath: D:\java\.metadata\.plugins\org.eclipse.swt\EBWebView\Default
2026-08-18 08:54:53.182: [INFO] Profiles total count: 1
2026-08-18 08:54:53.250: [INFO] Profile: name=Profile 1 path=D:\java\.metadata\.plugins\org.eclipse.swt\EBWebView\Default lastActive=2026-08-14T08:29:06.871Z
2026-08-18 08:54:53.250: [INFO] LastUsedProfileDir: D:\java\.metadata\.plugins\org.eclipse.swt\EBWebView\Default
2026-08-18 08:54:53.250: [INFO] MostRecentlyActiveProfile: name=Profile 1 path=D:\java\.metadata\.plugins\org.eclipse.swt\EBWebView\Default lastActive=2026-08-14T08:29:06.871Z
2026-08-18 08:54:53.250: [INFO] OnDoneLoading sync enabled: 0
2026-08-18 08:54:53.250: [INFO] BookmarkModelLoaded, ids_reassigned: 0
2026-08-18 08:54:53.250: [INFO] BookmarksLoadDropped droppedNodes=0
2026-08-18 08:54:53.250: [INFO] BookmarksSnapshot Startup total=0 bar=0 other=0 mobile=0 showBar=0 showBarNTP=1
2026-08-18 09:00:03.191: [INFO] BookmarksSnapshot Shutdown total=0 bar=0 other=0 mobile=0 showBar=0 showBarNTP=1
2026-08-18 09:00:03.482: [INFO] CurrentProfilePath: D:\java\.metadata\.plugins\org.eclipse.swt\EBWebView\Default
2026-08-18 09:00:03.482: [INFO] Profiles total count: 1
2026-08-18 09:00:03.483: [INFO] Profile: name=Profile 1 path=D:\java\.metadata\.plugins\org.eclipse.swt\EBWebView\Default lastActive=2026-08-14T08:29:06.871Z
2026-08-18 09:00:03.483: [INFO] LastUsedProfileDir: D:\java\.metadata\.plugins\org.eclipse.swt\EBWebView\Default
2026-08-18 09:00:03.483: [INFO] MostRecentlyActiveProfile: name=Profile 1 path=D:\java\.metadata\.plugins\org.eclipse.swt\EBWebView\Default lastActive=2026-08-14T08:29:06.871Z
2026-08-18 09:00:03.483: [INFO] OnDoneLoading sync enabled: 0
2026-08-18 09:00:03.483: [INFO] BookmarkModelLoaded, ids_reassigned: 0
2026-08-18 09:00:03.483: [INFO] BookmarksLoadDropped droppedNodes=0
2026-08-18 09:00:03.483: [INFO] BookmarksSnapshot Startup total=0 bar=0 other=0 mobile=0 showBar=0 showBarNTP=1
2026-08-18 09:13:33.223: [INFO] BookmarksSnapshot Shutdown total=0 bar=0 other=0 mobile=0 showBar=0 showBarNTP=1
2026-08-18 09:32:49.077: [INFO] CurrentProfilePath: D:\java\.metadata\.plugins\org.eclipse.swt\EBWebView\Default
2026-08-18 09:32:49.077: [INFO] Profiles total count: 1
2026-08-18 09:32:49.098: [INFO] Profile: name=Profile 1 path=D:\java\.metadata\.plugins\org.eclipse.swt\EBWebView\Default lastActive=2026-08-14T08:29:06.871Z
2026-08-18 09:32:49.098: [INFO] LastUsedProfileDir: D:\java\.metadata\.plugins\org.eclipse.swt\EBWebView\Default
2026-08-18 09:32:49.098: [INFO] MostRecentlyActiveProfile: name=Profile 1 path=D:\java\.metadata\.plugins\org.eclipse.swt\EBWebView\Default lastActive=2026-08-14T08:29:06.871Z
2026-08-18 09:32:49.098: [INFO] OnDoneLoading sync enabled: 0
2026-08-18 09:32:49.098: [INFO] BookmarkModelLoaded, ids_reassigned: 0
2026-08-18 09:32:49.098: [INFO] BookmarksLoadDropped droppedNodes=0
2026-08-18 09:32:49.098: [INFO] BookmarksSnapshot Startup total=0 bar=0 other=0 mobile=0 showBar=0 showBarNTP=1
2026-08-18 09:36:12.052: [INFO] BookmarksSnapshot Shutdown total=0 bar=0 other=0 mobile=0 showBar=0 showBarNTP=1
2026-08-18 09:36:12.323: [INFO] CurrentProfilePath: D:\java\.metadata\.plugins\org.eclipse.swt\EBWebView\Default
2026-08-18 09:36:12.323: [INFO] Profiles total count: 1
2026-08-18 09:36:12.323: [INFO] Profile: name=Profile 1 path=D:\java\.metadata\.plugins\org.eclipse.swt\EBWebView\Default lastActive=2026-08-14T08:29:06.871Z
2026-08-18 09:36:12.323: [INFO] LastUsedProfileDir: D:\java\.metadata\.plugins\org.eclipse.swt\EBWebView\Default
2026-08-18 09:36:12.323: [INFO] MostRecentlyActiveProfile: name=Profile 1 path=D:\java\.metadata\.plugins\org.eclipse.swt\EBWebView\Default lastActive=2026-08-14T08:29:06.871Z
2026-08-18 09:36:12.323: [INFO] OnDoneLoading sync enabled: 0
2026-08-18 09:36:12.323: [INFO] BookmarkModelLoaded, ids_reassigned: 0
2026-08-18 09:36:12.323: [INFO] BookmarksLoadDropped droppedNodes=0
2026-08-18 09:36:12.323: [INFO] BookmarksSnapshot Startup total=0 bar=0 other=0 mobile=0 showBar=0 showBarNTP=1
2026-08-18 09:44:08.256: [INFO] BookmarksSnapshot Shutdown total=0 bar=0 other=0 mobile=0 showBar=0 showBarNTP=1
2026-08-18 09:46:11.585: [INFO] CurrentProfilePath: D:\java\.metadata\.plugins\org.eclipse.swt\EBWebView\Default
2026-08-18 09:46:11.585: [INFO] Profiles total count: 1
2026-08-18 09:46:11.587: [INFO] Profile: name=Profile 1 path=D:\java\.metadata\.plugins\org.eclipse.swt\EBWebView\Default lastActive=2026-08-14T08:29:06.871Z
2026-08-18 09:46:11.587: [INFO] LastUsedProfileDir: D:\java\.metadata\.plugins\org.eclipse.swt\EBWebView\Default
2026-08-18 09:46:11.587: [INFO] MostRecentlyActiveProfile: name=Profile 1 path=D:\java\.metadata\.plugins\org.eclipse.swt\EBWebView\Default lastActive=2026-08-14T08:29:06.871Z
2026-08-18 09:46:11.587: [INFO] OnDoneLoading sync enabled: 0
2026-08-18 09:46:11.587: [INFO] BookmarkModelLoaded, ids_reassigned: 0
2026-08-18 09:46:11.587: [INFO] BookmarksLoadDropped droppedNodes=0
2026-08-18 09:46:11.587: [INFO] BookmarksSnapshot Startup total=0 bar=0 other=0 mobile=0 showBar=0 showBarNTP=1
2026-08-18 09:46:31.696: [INFO] BookmarksSnapshot Shutdown total=0 bar=0 other=0 mobile=0 showBar=0 showBarNTP=1
2026-08-18 09:46:46.007: [INFO] CurrentProfilePath: D:\java\.metadata\.plugins\org.eclipse.swt\EBWebView\Default
2026-08-18 09:46:46.007: [INFO] Profiles total count: 1
2026-08-18 09:46:46.008: [INFO] Profile: name=Profile 1 path=D:\java\.metadata\.plugins\org.eclipse.swt\EBWebView\Default lastActive=2026-08-14T08:29:06.871Z
2026-08-18 09:46:46.008: [INFO] LastUsedProfileDir: D:\java\.metadata\.plugins\org.eclipse.swt\EBWebView\Default
2026-08-18 09:46:46.008: [INFO] MostRecentlyActiveProfile: name=Profile 1 path=D:\java\.metadata\.plugins\org.eclipse.swt\EBWebView\Default lastActive=2026-08-14T08:29:06.871Z
2026-08-18 09:46:46.008: [INFO] OnDoneLoading sync enabled: 0
2026-08-18 09:46:46.008: [INFO] BookmarkModelLoaded, ids_reassigned: 0
2026-08-18 09:46:46.008: [INFO] BookmarksLoadDropped droppedNodes=0
2026-08-18 09:46:46.008: [INFO] BookmarksSnapshot Startup total=0 bar=0 other=0 mobile=0 showBar=0 showBarNTP=1
2026-08-19 03:54:35.336: [INFO] CurrentProfilePath: D:\java\.metadata\.plugins\org.eclipse.swt\EBWebView\Default
2026-08-19 03:54:35.336: [INFO] Profiles total count: 1
2026-08-19 03:54:35.348: [INFO] Profile: name=Profile 1 path=D:\java\.metadata\.plugins\org.eclipse.swt\EBWebView\Default lastActive=2026-08-14T08:29:06.871Z
2026-08-19 03:54:35.348: [INFO] LastUsedProfileDir: D:\java\.metadata\.plugins\org.eclipse.swt\EBWebView\Default
2026-08-19 03:54:35.348: [INFO] MostRecentlyActiveProfile: name=Profile 1 path=D:\java\.metadata\.plugins\org.eclipse.swt\EBWebView\Default lastActive=2026-08-14T08:29:06.871Z
2026-08-19 03:54:35.348: [INFO] OnDoneLoading sync enabled: 0
2026-08-19 03:54:35.348: [INFO] BookmarkModelLoaded, ids_reassigned: 0
2026-08-19 03:54:35.348: [INFO] BookmarksLoadDropped droppedNodes=0
2026-08-19 03:54:35.348: [INFO] BookmarksSnapshot Startup total=0 bar=0 other=0 mobile=0 showBar=0 showBarNTP=1
2026-08-19 11:05:35.470: [INFO] BookmarksSnapshot Shutdown total=0 bar=0 other=0 mobile=0 showBar=0 showBarNTP=1
2026-08-19 15:33:10.855: [INFO] CurrentProfilePath: D:\java\.metadata\.plugins\org.eclipse.swt\EBWebView\Default
2026-08-19 15:33:10.855: [INFO] Profiles total count: 1
2026-08-19 15:33:10.889: [INFO] Profile: name=Profile 1 path=D:\java\.metadata\.plugins\org.eclipse.swt\EBWebView\Default lastActive=2026-08-19T05:59:24.412Z
2026-08-19 15:33:10.889: [INFO] LastUsedProfileDir: D:\java\.metadata\.plugins\org.eclipse.swt\EBWebView\Default
2026-08-19 15:33:10.889: [INFO] MostRecentlyActiveProfile: name=Profile 1 path=D:\java\.metadata\.plugins\org.eclipse.swt\EBWebView\Default lastActive=2026-08-19T05:59:24.412Z
2026-08-19 15:33:10.889: [INFO] OnDoneLoading sync enabled: 0
2026-08-19 15:33:10.889: [INFO] BookmarkModelLoaded, ids_reassigned: 0
2026-08-19 15:33:10.889: [INFO] BookmarksLoadDropped droppedNodes=0
2026-08-19 15:33:10.889: [INFO] BookmarksSnapshot Startup total=0 bar=0 other=0 mobile=0 showBar=0 showBarNTP=1
2026-08-19 15:51:00.603: [INFO] BookmarksSnapshot Shutdown total=0 bar=0 other=0 mobile=0 showBar=0 showBarNTP=1
2026-08-20 05:43:27.392: [INFO] CurrentProfilePath: D:\java\.metadata\.plugins\org.eclipse.swt\EBWebView\Default
2026-08-20 05:43:27.392: [INFO] Profiles total count: 1
2026-08-20 05:43:27.424: [INFO] Profile: name=Profile 1 path=D:\java\.metadata\.plugins\org.eclipse.swt\EBWebView\Default lastActive=2026-08-19T05:59:24.412Z
2026-08-20 05:43:27.424: [INFO] LastUsedProfileDir: D:\java\.metadata\.plugins\org.eclipse.swt\EBWebView\Default
2026-08-20 05:43:27.425: [INFO] MostRecentlyActiveProfile: name=Profile 1 path=D:\java\.metadata\.plugins\org.eclipse.swt\EBWebView\Default lastActive=2026-08-19T05:59:24.412Z
2026-08-20 05:43:27.425: [INFO] OnDoneLoading sync enabled: 0
2026-08-20 05:43:27.425: [INFO] BookmarkModelLoaded, ids_reassigned: 0
2026-08-20 05:43:27.425: [INFO] BookmarksLoadDropped droppedNodes=0
2026-08-20 05:43:27.429: [INFO] BookmarksSnapshot Startup total=0 bar=0 other=0 mobile=0 showBar=0 showBarNTP=1
2026-08-20 06:14:40.872: [INFO] CurrentProfilePath: D:\java\.metadata\.plugins\org.eclipse.swt\EBWebView\Default
2026-08-20 06:14:40.872: [INFO] Profiles total count: 1
2026-08-20 06:14:40.883: [INFO] Profile: name=Profile 1 path=D:\java\.metadata\.plugins\org.eclipse.swt\EBWebView\Default lastActive=2026-08-20T05:45:24.408Z
2026-08-20 06:14:40.883: [INFO] LastUsedProfileDir: D:\java\.metadata\.plugins\org.eclipse.swt\EBWebView\Default
2026-08-20 06:14:40.883: [INFO] MostRecentlyActiveProfile: name=Profile 1 path=D:\java\.metadata\.plugins\org.eclipse.swt\EBWebView\Default lastActive=2026-08-20T05:45:24.408Z
2026-08-20 06:14:40.883: [INFO] OnDoneLoading sync enabled: 0
2026-08-20 06:14:40.883: [INFO] BookmarkModelLoaded, ids_reassigned: 0
2026-08-20 06:14:40.883: [INFO] BookmarksLoadDropped droppedNodes=0
2026-08-20 06:14:40.883: [INFO] BookmarksSnapshot Startup total=0 bar=0 other=0 mobile=0 showBar=0 showBarNTP=1
2026-08-20 09:09:06.565: [INFO] BookmarksSnapshot Shutdown total=0 bar=0 other=0 mobile=0 showBar=0 showBarNTP=1
2026-08-20 10:30:04.590: [INFO] CurrentProfilePath: D:\java\.metadata\.plugins\org.eclipse.swt\EBWebView\Default
2026-08-20 10:30:04.590: [INFO] Profiles total count: 1
2026-08-20 10:30:04.625: [INFO] Profile: name=Profile 1 path=D:\java\.metadata\.plugins\org.eclipse.swt\EBWebView\Default lastActive=2026-08-20T05:45:24.408Z
2026-08-20 10:30:04.625: [INFO] LastUsedProfileDir: D:\java\.metadata\.plugins\org.eclipse.swt\EBWebView\Default
2026-08-20 10:30:04.625: [INFO] MostRecentlyActiveProfile: name=Profile 1 path=D:\java\.metadata\.plugins\org.eclipse.swt\EBWebView\Default lastActive=2026-08-20T05:45:24.408Z
2026-08-20 10:30:04.625: [INFO] OnDoneLoading sync enabled: 0
2026-08-20 10:30:04.625: [INFO] BookmarkModelLoaded, ids_reassigned: 0
2026-08-20 10:30:04.625: [INFO] BookmarksLoadDropped droppedNodes=0
2026-08-20 10:30:04.625: [INFO] BookmarksSnapshot Startup total=0 bar=0 other=0 mobile=0 showBar=0 showBarNTP=1
2026-08-20 10:30:16.629: [INFO] BookmarksSnapshot Shutdown total=0 bar=0 other=0 mobile=0 showBar=0 showBarNTP=1
2026-08-20 10:43:50.415: [INFO] CurrentProfilePath: D:\java\.metadata\.plugins\org.eclipse.swt\EBWebView\Default
2026-08-20 10:43:50.415: [INFO] Profiles total count: 1
2026-08-20 10:43:50.443: [INFO] Profile: name=Profile 1 path=D:\java\.metadata\.plugins\org.eclipse.swt\EBWebView\Default lastActive=2026-08-20T10:30:12.275Z
2026-08-20 10:43:50.443: [INFO] LastUsedProfileDir: D:\java\.metadata\.plugins\org.eclipse.swt\EBWebView\Default
2026-08-20 10:43:50.443: [INFO] MostRecentlyActiveProfile: name=Profile 1 path=D:\java\.metadata\.plugins\org.eclipse.swt\EBWebView\Default lastActive=2026-08-20T10:30:12.275Z
2026-08-20 10:43:50.443: [INFO] OnDoneLoading sync enabled: 0
2026-08-20 10:43:50.443: [INFO] BookmarkModelLoaded, ids_reassigned: 0
2026-08-20 10:43:50.443: [INFO] BookmarksLoadDropped droppedNodes=0
2026-08-20 10:43:50.443: [INFO] BookmarksSnapshot Startup total=0 bar=0 other=0 mobile=0 showBar=0 showBarNTP=1
2026-08-20 10:45:04.641: [INFO] BookmarksSnapshot Shutdown total=0 bar=0 other=0 mobile=0 showBar=0 showBarNTP=1
2026-08-20 10:45:29.941: [INFO] CurrentProfilePath: D:\java\.metadata\.plugins\org.eclipse.swt\EBWebView\Default
2026-08-20 10:45:29.941: [INFO] Profiles total count: 1
2026-08-20 10:45:30.032: [INFO] Profile: name=Profile 1 path=D:\java\.metadata\.plugins\org.eclipse.swt\EBWebView\Default lastActive=2026-08-20T10:30:12.275Z
2026-08-20 10:45:30.032: [INFO] LastUsedProfileDir: D:\java\.metadata\.plugins\org.eclipse.swt\EBWebView\Default
2026-08-20 10:45:30.032: [INFO] MostRecentlyActiveProfile: name=Profile 1 path=D:\java\.metadata\.plugins\org.eclipse.swt\EBWebView\Default lastActive=2026-08-20T10:30:12.275Z
2026-08-20 10:45:30.032: [INFO] OnDoneLoading sync enabled: 0
2026-08-20 10:45:30.032: [INFO] BookmarkModelLoaded, ids_reassigned: 0
2026-08-20 10:45:30.032: [INFO] BookmarksLoadDropped droppedNodes=0
2026-08-20 10:45:30.037: [INFO] BookmarksSnapshot Startup total=0 bar=0 other=0 mobile=0 showBar=0 showBarNTP=1
2026-08-20 10:46:04.116: [INFO] BookmarksSnapshot Shutdown total=0 bar=0 other=0 mobile=0 showBar=0 showBarNTP=1
2026-08-20 10:47:06.626: [INFO] CurrentProfilePath: D:\java\.metadata\.plugins\org.eclipse.swt\EBWebView\Default
2026-08-20 10:47:06.626: [INFO] Profiles total count: 1
2026-08-20 10:47:06.752: [INFO] Profile: name=Profile 1 path=D:\java\.metadata\.plugins\org.eclipse.swt\EBWebView\Default lastActive=2026-08-20T10:30:12.275Z
2026-08-20 10:47:06.752: [INFO] LastUsedProfileDir: D:\java\.metadata\.plugins\org.eclipse.swt\EBWebView\Default
2026-08-20 10:47:06.752: [INFO] MostRecentlyActiveProfile: name=Profile 1 path=D:\java\.metadata\.plugins\org.eclipse.swt\EBWebView\Default lastActive=2026-08-20T10:30:12.275Z
2026-08-20 10:47:06.752: [INFO] OnDoneLoading sync enabled: 0
2026-08-20 10:47:06.752: [INFO] BookmarkModelLoaded, ids_reassigned: 0
2026-08-20 10:47:06.752: [INFO] BookmarksLoadDropped droppedNodes=0
2026-08-20 10:47:06.752: [INFO] BookmarksSnapshot Startup total=0 bar=0 other=0 mobile=0 showBar=0 showBarNTP=1
2026-08-20 10:47:30.598: [INFO] BookmarksSnapshot Shutdown total=0 bar=0 other=0 mobile=0 showBar=0 showBarNTP=1
2026-08-20 10:48:41.677: [INFO] CurrentProfilePath: D:\java\.metadata\.plugins\org.eclipse.swt\EBWebView\Default
2026-08-20 10:48:41.677: [INFO] Profiles total count: 1
2026-08-20 10:48:41.710: [INFO] Profile: name=Profile 1 path=D:\java\.metadata\.plugins\org.eclipse.swt\EBWebView\Default lastActive=2026-08-20T10:30:12.275Z
2026-08-20 10:48:41.710: [INFO] LastUsedProfileDir: D:\java\.metadata\.plugins\org.eclipse.swt\EBWebView\Default
2026-08-20 10:48:41.710: [INFO] MostRecentlyActiveProfile: name=Profile 1 path=D:\java\.metadata\.plugins\org.eclipse.swt\EBWebView\Default lastActive=2026-08-20T10:30:12.275Z
2026-08-20 10:48:41.710: [INFO] OnDoneLoading sync enabled: 0
2026-08-20 10:48:41.710: [INFO] BookmarkModelLoaded, ids_reassigned: 0
2026-08-20 10:48:41.722: [INFO] BookmarksLoadDropped droppedNodes=0
2026-08-20 10:48:41.722: [INFO] BookmarksSnapshot Startup total=0 bar=0 other=0 mobile=0 showBar=0 showBarNTP=1
2026-08-20 10:49:47.080: [INFO] BookmarksSnapshot Shutdown total=0 bar=0 other=0 mobile=0 showBar=0 showBarNTP=1
2026-08-20 10:53:24.316: [INFO] CurrentProfilePath: D:\java\.metadata\.plugins\org.eclipse.swt\EBWebView\Default
2026-08-20 10:53:24.316: [INFO] Profiles total count: 1
2026-08-20 10:53:24.320: [INFO] Profile: name=Profile 1 path=D:\java\.metadata\.plugins\org.eclipse.swt\EBWebView\Default lastActive=2026-08-20T10:30:12.275Z
2026-08-20 10:53:24.320: [INFO] LastUsedProfileDir: D:\java\.metadata\.plugins\org.eclipse.swt\EBWebView\Default
2026-08-20 10:53:24.321: [INFO] MostRecentlyActiveProfile: name=Profile 1 path=D:\java\.metadata\.plugins\org.eclipse.swt\EBWebView\Default lastActive=2026-08-20T10:30:12.275Z
2026-08-20 10:53:24.321: [INFO] OnDoneLoading sync enabled: 0
2026-08-20 10:53:24.321: [INFO] BookmarkModelLoaded, ids_reassigned: 0
2026-08-20 10:53:24.321: [INFO] BookmarksLoadDropped droppedNodes=0
2026-08-20 10:53:24.321: [INFO] BookmarksSnapshot Startup total=0 bar=0 other=0 mobile=0 showBar=0 showBarNTP=1
2026-08-20 11:07:11.933: [INFO] BookmarksSnapshot Shutdown total=0 bar=0 other=0 mobile=0 showBar=0 showBarNTP=1
2026-08-20 11:07:12.966: [INFO] CurrentProfilePath: D:\java\.metadata\.plugins\org.eclipse.swt\EBWebView\Default
2026-08-20 11:07:12.966: [INFO] Profiles total count: 1
2026-08-20 11:07:12.969: [INFO] Profile: name=Profile 1 path=D:\java\.metadata\.plugins\org.eclipse.swt\EBWebView\Default lastActive=2026-08-20T10:30:12.275Z
2026-08-20 11:07:12.969: [INFO] LastUsedProfileDir: D:\java\.metadata\.plugins\org.eclipse.swt\EBWebView\Default
2026-08-20 11:07:12.969: [INFO] MostRecentlyActiveProfile: name=Profile 1 path=D:\java\.metadata\.plugins\org.eclipse.swt\EBWebView\Default lastActive=2026-08-20T10:30:12.275Z
2026-08-20 11:07:12.969: [INFO] OnDoneLoading sync enabled: 0
2026-08-20 11:07:12.969: [INFO] BookmarkModelLoaded, ids_reassigned: 0
2026-08-20 11:07:12.969: [INFO] BookmarksLoadDropped droppedNodes=0
2026-08-20 11:07:12.969: [INFO] BookmarksSnapshot Startup total=0 bar=0 other=0 mobile=0 showBar=0 showBarNTP=1
2026-08-20 11:10:22.748: [INFO] BookmarksSnapshot Shutdown total=0 bar=0 other=0 mobile=0 showBar=0 showBarNTP=1
2026-08-20 11:11:54.299: [INFO] CurrentProfilePath: D:\java\.metadata\.plugins\org.eclipse.swt\EBWebView\Default
2026-08-20 11:11:54.299: [INFO] Profiles total count: 1
2026-08-20 11:11:54.342: [INFO] Profile: name=Profile 1 path=D:\java\.metadata\.plugins\org.eclipse.swt\EBWebView\Default lastActive=2026-08-20T10:30:12.275Z
2026-08-20 11:11:54.342: [INFO] LastUsedProfileDir: D:\java\.metadata\.plugins\org.eclipse.swt\EBWebView\Default
2026-08-20 11:11:54.343: [INFO] MostRecentlyActiveProfile: name=Profile 1 path=D:\java\.metadata\.plugins\org.eclipse.swt\EBWebView\Default lastActive=2026-08-20T10:30:12.275Z
2026-08-20 11:11:54.343: [INFO] OnDoneLoading sync enabled: 0
2026-08-20 11:11:54.343: [INFO] BookmarkModelLoaded, ids_reassigned: 0
2026-08-20 11:11:54.343: [INFO] BookmarksLoadDropped droppedNodes=0
2026-08-20 11:11:54.343: [INFO] BookmarksSnapshot Startup total=0 bar=0 other=0 mobile=0 showBar=0 showBarNTP=1
2026-08-20 11:12:34.311: [INFO] BookmarksSnapshot Shutdown total=0 bar=0 other=0 mobile=0 showBar=0 showBarNTP=1
2026-08-20 11:13:13.745: [INFO] CurrentProfilePath: D:\java\.metadata\.plugins\org.eclipse.swt\EBWebView\Default
2026-08-20 11:13:13.745: [INFO] Profiles total count: 1
2026-08-20 11:13:13.756: [INFO] Profile: name=Profile 1 path=D:\java\.metadata\.plugins\org.eclipse.swt\EBWebView\Default lastActive=2026-08-20T10:30:12.275Z
2026-08-20 11:13:13.756: [INFO] LastUsedProfileDir: D:\java\.metadata\.plugins\org.eclipse.swt\EBWebView\Default
2026-08-20 11:13:13.756: [INFO] MostRecentlyActiveProfile: name=Profile 1 path=D:\java\.metadata\.plugins\org.eclipse.swt\EBWebView\Default lastActive=2026-08-20T10:30:12.275Z
2026-08-20 11:13:13.756: [INFO] OnDoneLoading sync enabled: 0
2026-08-20 11:13:13.756: [INFO] BookmarkModelLoaded, ids_reassigned: 0
2026-08-20 11:13:13.756: [INFO] BookmarksLoadDropped droppedNodes=0
2026-08-20 11:13:13.756: [INFO] BookmarksSnapshot Startup total=0 bar=0 other=0 mobile=0 showBar=0 showBarNTP=1
2026-08-20 11:14:50.531: [INFO] BookmarksSnapshot Shutdown total=0 bar=0 other=0 mobile=0 showBar=0 showBarNTP=1
2026-08-21 06:17:07.856: [INFO] CurrentProfilePath: D:\java\.metadata\.plugins\org.eclipse.swt\EBWebView\Default
2026-08-21 06:17:07.856: [INFO] Profiles total count: 1
2026-08-21 06:17:07.864: [INFO] Profile: name=Profile 1 path=D:\java\.metadata\.plugins\org.eclipse.swt\EBWebView\Default lastActive=2026-08-20T10:30:12.275Z
2026-08-21 06:17:07.864: [INFO] LastUsedProfileDir: D:\java\.metadata\.plugins\org.eclipse.swt\EBWebView\Default
2026-08-21 06:17:07.864: [INFO] MostRecentlyActiveProfile: name=Profile 1 path=D:\java\.metadata\.plugins\org.eclipse.swt\EBWebView\Default lastActive=2026-08-20T10:30:12.275Z
2026-08-21 06:17:07.864: [INFO] OnDoneLoading sync enabled: 0
2026-08-21 06:17:07.864: [INFO] BookmarkModelLoaded, ids_reassigned: 0
2026-08-21 06:17:07.864: [INFO] BookmarksLoadDropped droppedNodes=0
2026-08-21 06:17:07.864: [INFO] BookmarksSnapshot Startup total=0 bar=0 other=0 mobile=0 showBar=0 showBarNTP=1
2026-08-21 07:23:55.505: [INFO] BookmarksSnapshot Shutdown total=0 bar=0 other=0 mobile=0 showBar=0 showBarNTP=1
2026-08-21 10:31:00.004: [INFO] CurrentProfilePath: D:\java\.metadata\.plugins\org.eclipse.swt\EBWebView\Default
2026-08-21 10:31:00.004: [INFO] Profiles total count: 1
2026-08-21 10:31:00.005: [INFO] Profile: name=Profile 1 path=D:\java\.metadata\.plugins\org.eclipse.swt\EBWebView\Default lastActive=2026-08-20T10:30:12.275Z
2026-08-21 10:31:00.005: [INFO] LastUsedProfileDir: D:\java\.metadata\.plugins\org.eclipse.swt\EBWebView\Default
2026-08-21 10:31:00.005: [INFO] MostRecentlyActiveProfile: name=Profile 1 path=D:\java\.metadata\.plugins\org.eclipse.swt\EBWebView\Default lastActive=2026-08-20T10:30:12.275Z
2026-08-21 10:31:00.005: [INFO] OnDoneLoading sync enabled: 0
2026-08-21 10:31:00.005: [INFO] BookmarkModelLoaded, ids_reassigned: 0
2026-08-21 10:31:00.005: [INFO] BookmarksLoadDropped droppedNodes=0
2026-08-21 10:31:00.005: [INFO] BookmarksSnapshot Startup total=0 bar=0 other=0 mobile=0 showBar=0 showBarNTP=1
2026-08-21 10:31:05.758: [INFO] BookmarksSnapshot Shutdown total=0 bar=0 other=0 mobile=0 showBar=0 showBarNTP=1
2026-08-21 10:32:30.793: [INFO] CurrentProfilePath: D:\java\.metadata\.plugins\org.eclipse.swt\EBWebView\Default
2026-08-21 10:32:30.793: [INFO] Profiles total count: 1
2026-08-21 10:32:30.808: [INFO] Profile: name=Profile 1 path=D:\java\.metadata\.plugins\org.eclipse.swt\EBWebView\Default lastActive=2026-08-20T10:30:12.275Z
2026-08-21 10:32:30.808: [INFO] LastUsedProfileDir: D:\java\.metadata\.plugins\org.eclipse.swt\EBWebView\Default
2026-08-21 10:32:30.808: [INFO] MostRecentlyActiveProfile: name=Profile 1 path=D:\java\.metadata\.plugins\org.eclipse.swt\EBWebView\Default lastActive=2026-08-20T10:30:12.275Z
2026-08-21 10:32:30.808: [INFO] OnDoneLoading sync enabled: 0
2026-08-21 10:32:30.808: [INFO] BookmarkModelLoaded, ids_reassigned: 0
2026-08-21 10:32:30.808: [INFO] BookmarksLoadDropped droppedNodes=0
2026-08-21 10:32:30.811: [INFO] BookmarksSnapshot Startup total=0 bar=0 other=0 mobile=0 showBar=0 showBarNTP=1
2026-08-21 10:32:43.361: [INFO] BookmarksSnapshot Shutdown total=0 bar=0 other=0 mobile=0 showBar=0 showBarNTP=1
2026-08-21 10:34:05.052: [INFO] CurrentProfilePath: D:\java\.metadata\.plugins\org.eclipse.swt\EBWebView\Default
2026-08-21 10:34:05.052: [INFO] Profiles total count: 1
2026-08-21 10:34:05.066: [INFO] Profile: name=Profile 1 path=D:\java\.metadata\.plugins\org.eclipse.swt\EBWebView\Default lastActive=2026-08-20T10:30:12.275Z
2026-08-21 10:34:05.066: [INFO] LastUsedProfileDir: D:\java\.metadata\.plugins\org.eclipse.swt\EBWebView\Default
2026-08-21 10:34:05.066: [INFO] MostRecentlyActiveProfile: name=Profile 1 path=D:\java\.metadata\.plugins\org.eclipse.swt\EBWebView\Default lastActive=2026-08-20T10:30:12.275Z
2026-08-21 10:34:05.066: [INFO] OnDoneLoading sync enabled: 0
2026-08-21 10:34:05.066: [INFO] BookmarkModelLoaded, ids_reassigned: 0
2026-08-21 10:34:05.066: [INFO] BookmarksLoadDropped droppedNodes=0
2026-08-21 10:34:05.068: [INFO] BookmarksSnapshot Startup total=0 bar=0 other=0 mobile=0 showBar=0 showBarNTP=1
2026-08-21 10:34:50.208: [INFO] BookmarksSnapshot Shutdown total=0 bar=0 other=0 mobile=0 showBar=0 showBarNTP=1
2026-08-21 10:34:57.957: [INFO] CurrentProfilePath: D:\java\.metadata\.plugins\org.eclipse.swt\EBWebView\Default
2026-08-21 10:34:57.957: [INFO] Profiles total count: 1
2026-08-21 10:34:57.963: [INFO] Profile: name=Profile 1 path=D:\java\.metadata\.plugins\org.eclipse.swt\EBWebView\Default lastActive=2026-08-20T10:30:12.275Z
2026-08-21 10:34:57.963: [INFO] LastUsedProfileDir: D:\java\.metadata\.plugins\org.eclipse.swt\EBWebView\Default
2026-08-21 10:34:57.964: [INFO] MostRecentlyActiveProfile: name=Profile 1 path=D:\java\.metadata\.plugins\org.eclipse.swt\EBWebView\Default lastActive=2026-08-20T10:30:12.275Z
2026-08-21 10:34:57.964: [INFO] OnDoneLoading sync enabled: 0
2026-08-21 10:34:57.964: [INFO] BookmarkModelLoaded, ids_reassigned: 0
2026-08-21 10:34:57.964: [INFO] BookmarksLoadDropped droppedNodes=0
2026-08-21 10:34:57.964: [INFO] BookmarksSnapshot Startup total=0 bar=0 other=0 mobile=0 showBar=0 showBarNTP=1
2026-08-21 10:35:23.868: [INFO] BookmarksSnapshot Shutdown total=0 bar=0 other=0 mobile=0 showBar=0 showBarNTP=1
2026-08-21 10:36:23.521: [INFO] CurrentProfilePath: D:\java\.metadata\.plugins\org.eclipse.swt\EBWebView\Default
2026-08-21 10:36:23.521: [INFO] Profiles total count: 1
2026-08-21 10:36:23.529: [INFO] Profile: name=Profile 1 path=D:\java\.metadata\.plugins\org.eclipse.swt\EBWebView\Default lastActive=2026-08-20T10:30:12.275Z
2026-08-21 10:36:23.529: [INFO] LastUsedProfileDir: D:\java\.metadata\.plugins\org.eclipse.swt\EBWebView\Default
2026-08-21 10:36:23.529: [INFO] MostRecentlyActiveProfile: name=Profile 1 path=D:\java\.metadata\.plugins\org.eclipse.swt\EBWebView\Default lastActive=2026-08-20T10:30:12.275Z
2026-08-21 10:36:23.529: [INFO] OnDoneLoading sync enabled: 0
2026-08-21 10:36:23.529: [INFO] BookmarkModelLoaded, ids_reassigned: 0
2026-08-21 10:36:23.529: [INFO] BookmarksLoadDropped droppedNodes=0
2026-08-21 10:36:23.529: [INFO] BookmarksSnapshot Startup total=0 bar=0 other=0 mobile=0 showBar=0 showBarNTP=1
2026-08-21 10:36:29.837: [INFO] BookmarksSnapshot Shutdown total=0 bar=0 other=0 mobile=0 showBar=0 showBarNTP=1
2026-08-21 10:36:35.772: [INFO] CurrentProfilePath: D:\java\.metadata\.plugins\org.eclipse.swt\EBWebView\Default
2026-08-21 10:36:35.772: [INFO] Profiles total count: 1
2026-08-21 10:36:35.774: [INFO] Profile: name=Profile 1 path=D:\java\.metadata\.plugins\org.eclipse.swt\EBWebView\Default lastActive=2026-08-20T10:30:12.275Z
2026-08-21 10:36:35.774: [INFO] LastUsedProfileDir: D:\java\.metadata\.plugins\org.eclipse.swt\EBWebView\Default
2026-08-21 10:36:35.774: [INFO] MostRecentlyActiveProfile: name=Profile 1 path=D:\java\.metadata\.plugins\org.eclipse.swt\EBWebView\Default lastActive=2026-08-20T10:30:12.275Z
2026-08-21 10:36:35.774: [INFO] OnDoneLoading sync enabled: 0
2026-08-21 10:36:35.774: [INFO] BookmarkModelLoaded, ids_reassigned: 0
2026-08-21 10:36:35.774: [INFO] BookmarksLoadDropped droppedNodes=0
2026-08-21 10:36:35.774: [INFO] BookmarksSnapshot Startup total=0 bar=0 other=0 mobile=0 showBar=0 showBarNTP=1
2026-08-21 10:36:43.722: [INFO] BookmarksSnapshot Shutdown total=0 bar=0 other=0 mobile=0 showBar=0 showBarNTP=1
2026-08-21 10:36:48.361: [INFO] CurrentProfilePath: D:\java\.metadata\.plugins\org.eclipse.swt\EBWebView\Default
2026-08-21 10:36:48.361: [INFO] Profiles total count: 1
2026-08-21 10:36:48.362: [INFO] Profile: name=Profile 1 path=D:\java\.metadata\.plugins\org.eclipse.swt\EBWebView\Default lastActive=2026-08-20T10:30:12.275Z
2026-08-21 10:36:48.362: [INFO] LastUsedProfileDir: D:\java\.metadata\.plugins\org.eclipse.swt\EBWebView\Default
2026-08-21 10:36:48.362: [INFO] MostRecentlyActiveProfile: name=Profile 1 path=D:\java\.metadata\.plugins\org.eclipse.swt\EBWebView\Default lastActive=2026-08-20T10:30:12.275Z
2026-08-21 10:36:48.362: [INFO] OnDoneLoading sync enabled: 0
2026-08-21 10:36:48.362: [INFO] BookmarkModelLoaded, ids_reassigned: 0
2026-08-21 10:36:48.362: [INFO] BookmarksLoadDropped droppedNodes=0
2026-08-21 10:36:48.362: [INFO] BookmarksSnapshot Startup total=0 bar=0 other=0 mobile=0 showBar=0 showBarNTP=1
2026-08-21 10:36:55.749: [INFO] BookmarksSnapshot Shutdown total=0 bar=0 other=0 mobile=0 showBar=0 showBarNTP=1
2026-08-21 10:37:52.703: [INFO] CurrentProfilePath: D:\java\.metadata\.plugins\org.eclipse.swt\EBWebView\Default
2026-08-21 10:37:52.703: [INFO] Profiles total count: 1
2026-08-21 10:37:52.724: [INFO] Profile: name=Profile 1 path=D:\java\.metadata\.plugins\org.eclipse.swt\EBWebView\Default lastActive=2026-08-20T10:30:12.275Z
2026-08-21 10:37:52.724: [INFO] LastUsedProfileDir: D:\java\.metadata\.plugins\org.eclipse.swt\EBWebView\Default
2026-08-21 10:37:52.724: [INFO] MostRecentlyActiveProfile: name=Profile 1 path=D:\java\.metadata\.plugins\org.eclipse.swt\EBWebView\Default lastActive=2026-08-20T10:30:12.275Z
2026-08-21 10:37:52.724: [INFO] OnDoneLoading sync enabled: 0
2026-08-21 10:37:52.724: [INFO] BookmarkModelLoaded, ids_reassigned: 0
2026-08-21 10:37:52.724: [INFO] BookmarksLoadDropped droppedNodes=0
2026-08-21 10:37:52.724: [INFO] BookmarksSnapshot Startup total=0 bar=0 other=0 mobile=0 showBar=0 showBarNTP=1
2026-08-21 11:15:45.210: [INFO] BookmarksSnapshot Shutdown total=0 bar=0 other=0 mobile=0 showBar=0 showBarNTP=1
2026-08-22 03:55:53.573: [INFO] CurrentProfilePath: D:\java\.metadata\.plugins\org.eclipse.swt\EBWebView\Default
2026-08-22 03:55:53.573: [INFO] Profiles total count: 1
2026-08-22 03:55:53.577: [INFO] Profile: name=Profile 1 path=D:\java\.metadata\.plugins\org.eclipse.swt\EBWebView\Default lastActive=2026-08-20T10:30:12.275Z
2026-08-22 03:55:53.577: [INFO] LastUsedProfileDir: D:\java\.metadata\.plugins\org.eclipse.swt\EBWebView\Default
2026-08-22 03:55:53.577: [INFO] MostRecentlyActiveProfile: name=Profile 1 path=D:\java\.metadata\.plugins\org.eclipse.swt\EBWebView\Default lastActive=2026-08-20T10:30:12.275Z
2026-08-22 03:55:53.577: [INFO] OnDoneLoading sync enabled: 0
2026-08-22 03:55:53.577: [INFO] BookmarkModelLoaded, ids_reassigned: 0
2026-08-22 03:55:53.578: [INFO] BookmarksLoadDropped droppedNodes=0
2026-08-22 03:55:53.578: [INFO] BookmarksSnapshot Startup total=0 bar=0 other=0 mobile=0 showBar=0 showBarNTP=1
2026-08-22 03:56:22.018: [INFO] BookmarksSnapshot Shutdown total=0 bar=0 other=0 mobile=0 showBar=0 showBarNTP=1
2026-08-22 04:11:45.031: [INFO] CurrentProfilePath: D:\java\.metadata\.plugins\org.eclipse.swt\EBWebView\Default
2026-08-22 04:11:45.031: [INFO] Profiles total count: 1
2026-08-22 04:11:45.046: [INFO] Profile: name=Profile 1 path=D:\java\.metadata\.plugins\org.eclipse.swt\EBWebView\Default lastActive=2026-08-22T03:56:14.298Z
2026-08-22 04:11:45.046: [INFO] LastUsedProfileDir: D:\java\.metadata\.plugins\org.eclipse.swt\EBWebView\Default
2026-08-22 04:11:45.046: [INFO] MostRecentlyActiveProfile: name=Profile 1 path=D:\java\.metadata\.plugins\org.eclipse.swt\EBWebView\Default lastActive=2026-08-22T03:56:14.298Z
2026-08-22 04:11:45.046: [INFO] OnDoneLoading sync enabled: 0
2026-08-22 04:11:45.046: [INFO] BookmarkModelLoaded, ids_reassigned: 0
2026-08-22 04:11:45.046: [INFO] BookmarksLoadDropped droppedNodes=0
2026-08-22 04:11:45.047: [INFO] BookmarksSnapshot Startup total=0 bar=0 other=0 mobile=0 showBar=0 showBarNTP=1
2026-08-22 08:45:08.809: [INFO] CurrentProfilePath: D:\java\.metadata\.plugins\org.eclipse.swt\EBWebView\Default
2026-08-22 08:45:08.809: [INFO] Profiles total count: 1
2026-08-22 08:45:08.915: [INFO] Profile: name=Profile 1 path=D:\java\.metadata\.plugins\org.eclipse.swt\EBWebView\Default lastActive=2026-08-22T04:25:12.111Z
2026-08-22 08:45:08.915: [INFO] LastUsedProfileDir: D:\java\.metadata\.plugins\org.eclipse.swt\EBWebView\Default
2026-08-22 08:45:08.915: [INFO] MostRecentlyActiveProfile: name=Profile 1 path=D:\java\.metadata\.plugins\org.eclipse.swt\EBWebView\Default lastActive=2026-08-22T04:25:12.111Z
2026-08-22 08:45:08.917: [INFO] OnDoneLoading sync enabled: 0
2026-08-22 08:45:08.917: [INFO] BookmarkModelLoaded, ids_reassigned: 0
2026-08-22 08:45:08.917: [INFO] BookmarksLoadDropped droppedNodes=0
2026-08-22 08:45:08.917: [INFO] BookmarksSnapshot Startup total=0 bar=0 other=0 mobile=0 showBar=0 showBarNTP=1
2026-08-22 08:45:41.683: [INFO] BookmarksSnapshot Shutdown total=0 bar=0 other=0 mobile=0 showBar=0 showBarNTP=1
2026-08-24 04:03:07.802: [INFO] CurrentProfilePath: D:\java\.metadata\.plugins\org.eclipse.swt\EBWebView\Default
2026-08-24 04:03:07.802: [INFO] Profiles total count: 1
2026-08-24 04:03:07.820: [INFO] Profile: name=Profile 1 path=D:\java\.metadata\.plugins\org.eclipse.swt\EBWebView\Default lastActive=2026-08-22T08:45:28.180Z
2026-08-24 04:03:07.820: [INFO] LastUsedProfileDir: D:\java\.metadata\.plugins\org.eclipse.swt\EBWebView\Default
2026-08-24 04:03:07.820: [INFO] MostRecentlyActiveProfile: name=Profile 1 path=D:\java\.metadata\.plugins\org.eclipse.swt\EBWebView\Default lastActive=2026-08-22T08:45:28.180Z
2026-08-24 04:03:07.820: [INFO] OnDoneLoading sync enabled: 0
2026-08-24 04:03:07.820: [INFO] BookmarkModelLoaded, ids_reassigned: 0
2026-08-24 04:03:07.820: [INFO] BookmarksLoadDropped droppedNodes=0
2026-08-24 04:03:07.823: [INFO] BookmarksSnapshot Startup total=0 bar=0 other=0 mobile=0 showBar=0 showBarNTP=1
2026-08-24 05:03:50.610: [INFO] BookmarksSnapshot Shutdown total=0 bar=0 other=0 mobile=0 showBar=0 showBarNTP=1
2026-08-24 05:08:56.218: [INFO] CurrentProfilePath: D:\java\.metadata\.plugins\org.eclipse.swt\EBWebView\Default
2026-08-24 05:08:56.218: [INFO] Profiles total count: 1
2026-08-24 05:08:56.312: [INFO] Profile: name=Profile 1 path=D:\java\.metadata\.plugins\org.eclipse.swt\EBWebView\Default lastActive=2026-08-22T08:45:28.180Z
2026-08-24 05:08:56.312: [INFO] LastUsedProfileDir: D:\java\.metadata\.plugins\org.eclipse.swt\EBWebView\Default
2026-08-24 05:08:56.312: [INFO] MostRecentlyActiveProfile: name=Profile 1 path=D:\java\.metadata\.plugins\org.eclipse.swt\EBWebView\Default lastActive=2026-08-22T08:45:28.180Z
2026-08-24 05:08:56.312: [INFO] OnDoneLoading sync enabled: 0
2026-08-24 05:08:56.312: [INFO] BookmarkModelLoaded, ids_reassigned: 0
2026-08-24 05:08:56.312: [INFO] BookmarksLoadDropped droppedNodes=0
2026-08-24 05:08:56.312: [INFO] BookmarksSnapshot Startup total=0 bar=0 other=0 mobile=0 showBar=0 showBarNTP=1
2026-08-24 05:09:08.823: [INFO] BookmarksSnapshot Shutdown total=0 bar=0 other=0 mobile=0 showBar=0 showBarNTP=1
2026-08-24 05:10:58.803: [INFO] CurrentProfilePath: D:\java\.metadata\.plugins\org.eclipse.swt\EBWebView\Default
2026-08-24 05:10:58.803: [INFO] Profiles total count: 1
2026-08-24 05:10:58.804: [INFO] Profile: name=Profile 1 path=D:\java\.metadata\.plugins\org.eclipse.swt\EBWebView\Default lastActive=2026-08-22T08:45:28.180Z
2026-08-24 05:10:58.804: [INFO] LastUsedProfileDir: D:\java\.metadata\.plugins\org.eclipse.swt\EBWebView\Default
2026-08-24 05:10:58.804: [INFO] MostRecentlyActiveProfile: name=Profile 1 path=D:\java\.metadata\.plugins\org.eclipse.swt\EBWebView\Default lastActive=2026-08-22T08:45:28.180Z
2026-08-24 05:10:58.804: [INFO] OnDoneLoading sync enabled: 0
2026-08-24 05:10:58.804: [INFO] BookmarkModelLoaded, ids_reassigned: 0
2026-08-24 05:10:58.804: [INFO] BookmarksLoadDropped droppedNodes=0
2026-08-24 05:10:58.804: [INFO] BookmarksSnapshot Startup total=0 bar=0 other=0 mobile=0 showBar=0 showBarNTP=1
2026-08-24 06:31:39.507: [INFO] BookmarksSnapshot Shutdown total=0 bar=0 other=0 mobile=0 showBar=0 showBarNTP=1
2026-08-24 06:31:57.947: [INFO] CurrentProfilePath: D:\java\.metadata\.plugins\org.eclipse.swt\EBWebView\Default
2026-08-24 06:31:57.947: [INFO] Profiles total count: 1
2026-08-24 06:31:57.975: [INFO] Profile: name=Profile 1 path=D:\java\.metadata\.plugins\org.eclipse.swt\EBWebView\Default lastActive=2026-08-22T08:45:28.180Z
2026-08-24 06:31:57.975: [INFO] LastUsedProfileDir: D:\java\.metadata\.plugins\org.eclipse.swt\EBWebView\Default
2026-08-24 06:31:57.975: [INFO] MostRecentlyActiveProfile: name=Profile 1 path=D:\java\.metadata\.plugins\org.eclipse.swt\EBWebView\Default lastActive=2026-08-22T08:45:28.180Z
2026-08-24 06:31:57.975: [INFO] OnDoneLoading sync enabled: 0
2026-08-24 06:31:57.975: [INFO] BookmarkModelLoaded, ids_reassigned: 0
2026-08-24 06:31:57.975: [INFO] BookmarksLoadDropped droppedNodes=0
2026-08-24 06:31:57.975: [INFO] BookmarksSnapshot Startup total=0 bar=0 other=0 mobile=0 showBar=0 showBarNTP=1
2026-08-24 11:04:00.931: [INFO] BookmarksSnapshot Shutdown total=0 bar=0 other=0 mobile=0 showBar=0 showBarNTP=1
2026-08-27 05:42:47.491: [INFO] CurrentProfilePath: D:\java\.metadata\.plugins\org.eclipse.swt\EBWebView\Default
2026-08-27 05:42:47.491: [INFO] Profiles total count: 1
2026-08-27 05:42:47.502: [INFO] Profile: name=Profile 1 path=D:\java\.metadata\.plugins\org.eclipse.swt\EBWebView\Default lastActive=2026-08-22T08:45:28.180Z
2026-08-27 05:42:47.503: [INFO] LastUsedProfileDir: D:\java\.metadata\.plugins\org.eclipse.swt\EBWebView\Default
2026-08-27 05:42:47.516: [INFO] MostRecentlyActiveProfile: name=Profile 1 path=D:\java\.metadata\.plugins\org.eclipse.swt\EBWebView\Default lastActive=2026-08-22T08:45:28.180Z
2026-08-27 05:42:47.516: [INFO] OnDoneLoading sync enabled: 0
2026-08-27 05:42:47.516: [INFO] BookmarkModelLoaded, ids_reassigned: 0
2026-08-27 05:42:47.516: [INFO] BookmarksLoadDropped droppedNodes=0
2026-08-27 05:42:47.517: [INFO] BookmarksSnapshot Startup total=0 bar=0 other=0 mobile=0 showBar=0 showBarNTP=1
2026-08-27 05:53:35.292: [INFO] BookmarksSnapshot Shutdown total=0 bar=0 other=0 mobile=0 showBar=0 showBarNTP=1
2026-08-27 05:53:42.898: [INFO] CurrentProfilePath: D:\java\.metadata\.plugins\org.eclipse.swt\EBWebView\Default
2026-08-27 05:53:42.898: [INFO] Profiles total count: 1
2026-08-27 05:53:42.903: [INFO] Profile: name=Profile 1 path=D:\java\.metadata\.plugins\org.eclipse.swt\EBWebView\Default lastActive=2026-08-22T08:45:28.180Z
2026-08-27 05:53:42.904: [INFO] LastUsedProfileDir: D:\java\.metadata\.plugins\org.eclipse.swt\EBWebView\Default
2026-08-27 05:53:42.904: [INFO] MostRecentlyActiveProfile: name=Profile 1 path=D:\java\.metadata\.plugins\org.eclipse.swt\EBWebView\Default lastActive=2026-08-22T08:45:28.180Z
2026-08-27 05:53:42.904: [INFO] OnDoneLoading sync enabled: 0
2026-08-27 05:53:42.904: [INFO] BookmarkModelLoaded, ids_reassigned: 0
2026-08-27 05:53:42.904: [INFO] BookmarksLoadDropped droppedNodes=0
2026-08-27 05:53:42.904: [INFO] BookmarksSnapshot Startup total=0 bar=0 other=0 mobile=0 showBar=0 showBarNTP=1
2026-08-27 08:32:25.003: [INFO] CurrentProfilePath: D:\java\.metadata\.plugins\org.eclipse.swt\EBWebView\Default
2026-08-27 08:32:25.003: [INFO] Profiles total count: 1
2026-08-27 08:32:25.006: [INFO] Profile: name=Profile 1 path=D:\java\.metadata\.plugins\org.eclipse.swt\EBWebView\Default lastActive=2026-08-22T08:45:28.180Z
2026-08-27 08:32:25.006: [INFO] LastUsedProfileDir: D:\java\.metadata\.plugins\org.eclipse.swt\EBWebView\Default
2026-08-27 08:32:25.006: [INFO] MostRecentlyActiveProfile: name=Profile 1 path=D:\java\.metadata\.plugins\org.eclipse.swt\EBWebView\Default lastActive=2026-08-22T08:45:28.180Z
2026-08-27 08:32:25.006: [INFO] OnDoneLoading sync enabled: 0
2026-08-27 08:32:25.006: [INFO] BookmarkModelLoaded, ids_reassigned: 0
2026-08-27 08:32:25.006: [INFO] BookmarksLoadDropped droppedNodes=0
2026-08-27 08:32:25.006: [INFO] BookmarksSnapshot Startup total=0 bar=0 other=0 mobile=0 showBar=0 showBarNTP=1
2026-08-27 08:32:43.656: [INFO] BookmarksSnapshot Shutdown total=0 bar=0 other=0 mobile=0 showBar=0 showBarNTP=1
2026-08-27 08:34:53.046: [INFO] CurrentProfilePath: D:\java\.metadata\.plugins\org.eclipse.swt\EBWebView\Default
2026-08-27 08:34:53.046: [INFO] Profiles total count: 1
2026-08-27 08:34:53.047: [INFO] Profile: name=Profile 1 path=D:\java\.metadata\.plugins\org.eclipse.swt\EBWebView\Default lastActive=2026-08-27T08:32:39.002Z
2026-08-27 08:34:53.047: [INFO] LastUsedProfileDir: D:\java\.metadata\.plugins\org.eclipse.swt\EBWebView\Default
2026-08-27 08:34:53.048: [INFO] MostRecentlyActiveProfile: name=Profile 1 path=D:\java\.metadata\.plugins\org.eclipse.swt\EBWebView\Default lastActive=2026-08-27T08:32:39.002Z
2026-08-27 08:34:53.048: [INFO] OnDoneLoading sync enabled: 0
2026-08-27 08:34:53.048: [INFO] BookmarkModelLoaded, ids_reassigned: 0
2026-08-27 08:34:53.048: [INFO] BookmarksLoadDropped droppedNodes=0
2026-08-27 08:34:53.048: [INFO] BookmarksSnapshot Startup total=0 bar=0 other=0 mobile=0 showBar=0 showBarNTP=1
2026-08-27 09:48:40.607: [INFO] BookmarksSnapshot Shutdown total=0 bar=0 other=0 mobile=0 showBar=0 showBarNTP=1
